Component: ARM Compiler 6.14 Tool: armlink [5db06800]

==============================================================================

Section Cross References

    main.o(.text.main) refers to main.o(.text.init_pwm) for init_pwm
    main.o(.text.main) refers to shell.o(.text.UARTNumPut) for UARTNumPut
    main.o(.text.main) refers to shell.o(.text.CmdInit) for CmdInit
    main.o(.text.main) refers to shell.o(.text.CmdReceived) for CmdReceived
    main.o(.text.main) refers to shell.o(.text.CmdProcess) for CmdProcess
    main.o(.text.main) refers to shell.o(.text.CmdPrompt) for CmdPrompt
    main.o(.ARM.exidx.text.main) refers to main.o(.text.main) for [Anonymous Symbol]
    main.o(.ARM.exidx.text.init_pwm) refers to main.o(.text.init_pwm) for [Anonymous Symbol]
    main.o(.ARM.exidx.text.init_uart) refers to main.o(.text.init_uart) for [Anonymous Symbol]
    main.o(.ARM.exidx.text.init_adc) refers to main.o(.text.init_adc) for [Anonymous Symbol]
    shell.o(.text.num_char_to_int) refers to shell.o(.rodata.MapTable) for MapTable
    shell.o(.ARM.exidx.text.num_char_to_int) refers to shell.o(.text.num_char_to_int) for [Anonymous Symbol]
    shell.o(.text.CmdInit) refers to shell.o(.bss.CmdFlag) for CmdFlag
    shell.o(.ARM.exidx.text.CmdInit) refers to shell.o(.text.CmdInit) for [Anonymous Symbol]
    shell.o(.ARM.exidx.text.CmdPrompt) refers to shell.o(.text.CmdPrompt) for [Anonymous Symbol]
    shell.o(.ARM.exidx.text.UARTStringPut) refers to shell.o(.text.UARTStringPut) for [Anonymous Symbol]
    shell.o(.ARM.exidx.text.UARTcharput) refers to shell.o(.text.UARTcharput) for [Anonymous Symbol]
    shell.o(.ARM.exidx.text.UARTNumPut) refers to shell.o(.text.UARTNumPut) for [Anonymous Symbol]
    shell.o(.text.UARTIntHandler) refers to shell.o(.bss.UARTIntHandler.rxlen) for UARTIntHandler.rxlen
    shell.o(.text.UARTIntHandler) refers to shell.o(.bss.UARTIntHandler.rxbuf) for UARTIntHandler.rxbuf
    shell.o(.text.UARTIntHandler) refers to shell.o(.bss.CmdBuf) for CmdBuf
    shell.o(.text.UARTIntHandler) refers to shell.o(.bss.CmdFlag) for CmdFlag
    shell.o(.text.UARTIntHandler) refers to strcpy.o(.text) for strcpy
    shell.o(.ARM.exidx.text.UARTIntHandler) refers to shell.o(.text.UARTIntHandler) for [Anonymous Symbol]
    shell.o(.text.CmdReceived) refers to shell.o(.bss.CmdFlag) for CmdFlag
    shell.o(.ARM.exidx.text.CmdReceived) refers to shell.o(.text.CmdReceived) for [Anonymous Symbol]
    shell.o(.text.CmdProcess) refers to shell.o(.bss.CmdBuf) for CmdBuf
    shell.o(.text.CmdProcess) refers to shell.o(.rodata.str1.1) for .L.str.4
    shell.o(.text.CmdProcess) refers to strcmpv7em.o(.text) for strcmp
    shell.o(.text.CmdProcess) refers to shell.o(.text.doHelp) for doHelp
    shell.o(.text.CmdProcess) refers to shell.o(.text.doLed) for doLed
    shell.o(.text.CmdProcess) refers to shell.o(.text.readTemp) for readTemp
    shell.o(.text.CmdProcess) refers to shell.o(.text.fanCtrl) for fanCtrl
    shell.o(.ARM.exidx.text.CmdProcess) refers to shell.o(.text.CmdProcess) for [Anonymous Symbol]
    shell.o(.ARM.exidx.text.ftoa) refers to shell.o(.text.ftoa) for [Anonymous Symbol]
    shell.o(.text.doHelp) refers to shell.o(.rodata.str1.1) for .L.str.5
    shell.o(.ARM.exidx.text.doHelp) refers to shell.o(.text.doHelp) for [Anonymous Symbol]
    shell.o(.text.doLed) refers to strcmpv7em.o(.text) for strcmp
    shell.o(.ARM.exidx.text.doLed) refers to shell.o(.text.doLed) for [Anonymous Symbol]
    shell.o(.text.readTemp) refers to f2d.o(x$fpl$f2d) for __aeabi_f2d
    shell.o(.text.readTemp) refers to dmul.o(x$fpl$dmul) for __aeabi_dmul
    shell.o(.text.readTemp) refers to daddsub_clz.o(x$fpl$dadd) for __aeabi_dadd
    shell.o(.text.readTemp) refers to d2f.o(x$fpl$d2f) for __aeabi_d2f
    shell.o(.text.readTemp) refers to shell.o(.text.ftoa) for ftoa
    shell.o(.ARM.exidx.text.readTemp) refers to shell.o(.text.readTemp) for [Anonymous Symbol]
    shell.o(.text.fanCtrl) refers to shell.o(.rodata.MapTable) for MapTable
    shell.o(.ARM.exidx.text.fanCtrl) refers to shell.o(.text.fanCtrl) for [Anonymous Symbol]
    startup_rvmdk.o(STACK) refers (Special) to heapauxi.o(.text) for __use_two_region_memory
    startup_rvmdk.o(HEAP) refers (Special) to heapauxi.o(.text) for __use_two_region_memory
    startup_rvmdk.o(RESET) refers (Special) to heapauxi.o(.text) for __use_two_region_memory
    startup_rvmdk.o(RESET) refers to startup_rvmdk.o(STACK) for StackMem
    startup_rvmdk.o(RESET) refers to shell.o(.text.UARTIntHandler) for UARTIntHandler
    startup_rvmdk.o(RESET) refers to __main.o(!!!main) for __main
    startup_rvmdk.o(.text) refers (Special) to heapauxi.o(.text) for __use_two_region_memory
    startup_rvmdk.o(.text) refers to startup_rvmdk.o(HEAP) for HeapMem
    startup_rvmdk.o(.text) refers to startup_rvmdk.o(STACK) for StackMem
    __main.o(!!!main) refers to __rtentry.o(.ARM.Collect$$rtentry$$00000000) for __rt_entry
    d2f.o(x$fpl$d2f) refers (Special) to usenofp.o(x$fpl$usenofp) for __I$use$fp
    d2f.o(x$fpl$d2f) refers to fretinf.o(x$fpl$fretinf) for __fpl_fretinf
    d2f.o(x$fpl$d2f) refers to dnaninf.o(x$fpl$dnaninf) for __fpl_dnaninf
    daddsub_clz.o(x$fpl$dadd) refers (Special) to usenofp.o(x$fpl$usenofp) for __I$use$fp
    daddsub_clz.o(x$fpl$dadd) refers to daddsub_clz.o(x$fpl$dsub) for _dsub1
    daddsub_clz.o(x$fpl$dadd) refers to dretinf.o(x$fpl$dretinf) for __fpl_dretinf
    daddsub_clz.o(x$fpl$dadd) refers to dnaninf.o(x$fpl$dnaninf) for __fpl_dnaninf
    daddsub_clz.o(x$fpl$drsb) refers (Special) to usenofp.o(x$fpl$usenofp) for __I$use$fp
    daddsub_clz.o(x$fpl$drsb) refers to daddsub_clz.o(x$fpl$dadd) for _dadd1
    daddsub_clz.o(x$fpl$drsb) refers to daddsub_clz.o(x$fpl$dsub) for _dsub1
    daddsub_clz.o(x$fpl$dsub) refers (Special) to usenofp.o(x$fpl$usenofp) for __I$use$fp
    daddsub_clz.o(x$fpl$dsub) refers to daddsub_clz.o(x$fpl$dadd) for _dadd1
    daddsub_clz.o(x$fpl$dsub) refers to dnaninf.o(x$fpl$dnaninf) for __fpl_dnaninf
    dmul.o(x$fpl$dmul) refers (Special) to usenofp.o(x$fpl$usenofp) for __I$use$fp
    dmul.o(x$fpl$dmul) refers to dretinf.o(x$fpl$dretinf) for __fpl_dretinf
    dmul.o(x$fpl$dmul) refers to dnaninf.o(x$fpl$dnaninf) for __fpl_dnaninf
    f2d.o(x$fpl$f2d) refers (Special) to usenofp.o(x$fpl$usenofp) for __I$use$fp
    f2d.o(x$fpl$f2d) refers to fnaninf.o(x$fpl$fnaninf) for __fpl_fnaninf
    f2d.o(x$fpl$f2d) refers to dretinf.o(x$fpl$dretinf) for __fpl_dretinf
    __rtentry.o(.ARM.Collect$$rtentry$$00000000) refers (Special) to __rtentry2.o(.ARM.Collect$$rtentry$$0000000A) for __rt_entry_li
    __rtentry.o(.ARM.Collect$$rtentry$$00000000) refers (Special) to __rtentry2.o(.ARM.Collect$$rtentry$$0000000D) for __rt_entry_main
    __rtentry.o(.ARM.Collect$$rtentry$$00000000) refers (Special) to __rtentry2.o(.ARM.Collect$$rtentry$$0000000C) for __rt_entry_postli_1
    __rtentry.o(.ARM.Collect$$rtentry$$00000000) refers (Special) to __rtentry2.o(.ARM.Collect$$rtentry$$00000009) for __rt_entry_postsh_1
    __rtentry.o(.ARM.Collect$$rtentry$$00000000) refers (Special) to __rtentry2.o(.ARM.Collect$$rtentry$$00000002) for __rt_entry_presh_1
    __rtentry.o(.ARM.Collect$$rtentry$$00000000) refers (Special) to __rtentry4.o(.ARM.Collect$$rtentry$$00000004) for __rt_entry_sh
    dnaninf.o(x$fpl$dnaninf) refers (Special) to usenofp.o(x$fpl$usenofp) for __I$use$fp
    dretinf.o(x$fpl$dretinf) refers (Special) to usenofp.o(x$fpl$usenofp) for __I$use$fp
    fnaninf.o(x$fpl$fnaninf) refers (Special) to usenofp.o(x$fpl$usenofp) for __I$use$fp
    fretinf.o(x$fpl$fretinf) refers (Special) to usenofp.o(x$fpl$usenofp) for __I$use$fp
    __rtentry2.o(.ARM.Collect$$rtentry$$00000008) refers to boardinit2.o(.text) for _platform_post_stackheap_init
    __rtentry2.o(.ARM.Collect$$rtentry$$0000000A) refers to libinit.o(.ARM.Collect$$libinit$$00000000) for __rt_lib_init
    __rtentry2.o(.ARM.Collect$$rtentry$$0000000B) refers to boardinit3.o(.text) for _platform_post_lib_init
    __rtentry2.o(.ARM.Collect$$rtentry$$0000000D) refers to main.o(.text.main) for main
    __rtentry2.o(.ARM.Collect$$rtentry$$0000000D) refers to exit.o(.text) for exit
    __rtentry2.o(.ARM.exidx) refers to __rtentry2.o(.ARM.Collect$$rtentry$$00000001) for .ARM.Collect$$rtentry$$00000001
    __rtentry2.o(.ARM.exidx) refers to __rtentry2.o(.ARM.Collect$$rtentry$$00000008) for .ARM.Collect$$rtentry$$00000008
    __rtentry2.o(.ARM.exidx) refers to __rtentry2.o(.ARM.Collect$$rtentry$$0000000A) for .ARM.Collect$$rtentry$$0000000A
    __rtentry2.o(.ARM.exidx) refers to __rtentry2.o(.ARM.Collect$$rtentry$$0000000B) for .ARM.Collect$$rtentry$$0000000B
    __rtentry2.o(.ARM.exidx) refers to __rtentry2.o(.ARM.Collect$$rtentry$$0000000D) for .ARM.Collect$$rtentry$$0000000D
    __rtentry4.o(.ARM.Collect$$rtentry$$00000004) refers to sys_stackheap_outer.o(.text) for __user_setup_stackheap
    __rtentry4.o(.ARM.exidx) refers to __rtentry4.o(.ARM.Collect$$rtentry$$00000004) for .ARM.Collect$$rtentry$$00000004
    sys_stackheap_outer.o(.text) refers to libspace.o(.text) for __user_perproc_libspace
    sys_stackheap_outer.o(.text) refers to startup_rvmdk.o(.text) for __user_initial_stackheap
    exit.o(.text) refers to rtexit.o(.ARM.Collect$$rtexit$$00000000) for __rt_exit
    libinit.o(.ARM.Collect$$libinit$$00000000) refers (Special) to libinit2.o(.ARM.Collect$$libinit$$0000002E) for __rt_lib_init_alloca_1
    libinit.o(.ARM.Collect$$libinit$$00000000) refers (Special) to libinit2.o(.ARM.Collect$$libinit$$0000002C) for __rt_lib_init_argv_1
    libinit.o(.ARM.Collect$$libinit$$00000000) refers (Special) to libinit2.o(.ARM.Collect$$libinit$$0000001B) for __rt_lib_init_atexit_1
    libinit.o(.ARM.Collect$$libinit$$00000000) refers (Special) to libinit2.o(.ARM.Collect$$libinit$$00000021) for __rt_lib_init_clock_1
    libinit.o(.ARM.Collect$$libinit$$00000000) refers (Special) to libinit2.o(.ARM.Collect$$libinit$$00000032) for __rt_lib_init_cpp_1
    libinit.o(.ARM.Collect$$libinit$$00000000) refers (Special) to libinit2.o(.ARM.Collect$$libinit$$00000030) for __rt_lib_init_exceptions_1
    libinit.o(.ARM.Collect$$libinit$$00000000) refers (Special) to libinit2.o(.ARM.Collect$$libinit$$00000001) for __rt_lib_init_fp_1
    libinit.o(.ARM.Collect$$libinit$$00000000) refers (Special) to libinit2.o(.ARM.Collect$$libinit$$0000001F) for __rt_lib_init_fp_trap_1
    libinit.o(.ARM.Collect$$libinit$$00000000) refers (Special) to libinit2.o(.ARM.Collect$$libinit$$00000023) for __rt_lib_init_getenv_1
    libinit.o(.ARM.Collect$$libinit$$00000000) refers (Special) to libinit2.o(.ARM.Collect$$libinit$$0000000A) for __rt_lib_init_heap_1
    libinit.o(.ARM.Collect$$libinit$$00000000) refers (Special) to libinit2.o(.ARM.Collect$$libinit$$00000011) for __rt_lib_init_lc_collate_1
    libinit.o(.ARM.Collect$$libinit$$00000000) refers (Special) to libinit2.o(.ARM.Collect$$libinit$$00000013) for __rt_lib_init_lc_ctype_1
    libinit.o(.ARM.Collect$$libinit$$00000000) refers (Special) to libinit2.o(.ARM.Collect$$libinit$$00000015) for __rt_lib_init_lc_monetary_1
    libinit.o(.ARM.Collect$$libinit$$00000000) refers (Special) to libinit2.o(.ARM.Collect$$libinit$$00000017) for __rt_lib_init_lc_numeric_1
    libinit.o(.ARM.Collect$$libinit$$00000000) refers (Special) to libinit2.o(.ARM.Collect$$libinit$$00000019) for __rt_lib_init_lc_time_1
    libinit.o(.ARM.Collect$$libinit$$00000000) refers (Special) to libinit2.o(.ARM.Collect$$libinit$$00000004) for __rt_lib_init_preinit_1
    libinit.o(.ARM.Collect$$libinit$$00000000) refers (Special) to libinit2.o(.ARM.Collect$$libinit$$0000000E) for __rt_lib_init_rand_1
    libinit.o(.ARM.Collect$$libinit$$00000000) refers (Special) to libinit2.o(.ARM.Collect$$libinit$$00000033) for __rt_lib_init_return
    libinit.o(.ARM.Collect$$libinit$$00000000) refers (Special) to libinit2.o(.ARM.Collect$$libinit$$0000001D) for __rt_lib_init_signal_1
    libinit.o(.ARM.Collect$$libinit$$00000000) refers (Special) to libinit2.o(.ARM.Collect$$libinit$$00000025) for __rt_lib_init_stdio_1
    libinit.o(.ARM.Collect$$libinit$$00000000) refers (Special) to libinit2.o(.ARM.Collect$$libinit$$0000000C) for __rt_lib_init_user_alloc_1
    libspace.o(.text) refers to libspace.o(.bss) for __libspace_start
    rtexit.o(.ARM.Collect$$rtexit$$00000000) refers (Special) to rtexit2.o(.ARM.Collect$$rtexit$$00000004) for __rt_exit_exit
    rtexit.o(.ARM.Collect$$rtexit$$00000000) refers (Special) to rtexit2.o(.ARM.Collect$$rtexit$$00000003) for __rt_exit_ls
    rtexit.o(.ARM.Collect$$rtexit$$00000000) refers (Special) to rtexit2.o(.ARM.Collect$$rtexit$$00000002) for __rt_exit_prels_1
    rtexit.o(.ARM.exidx) refers (Special) to rtexit2.o(.ARM.Collect$$rtexit$$00000004) for __rt_exit_exit
    rtexit.o(.ARM.exidx) refers (Special) to rtexit2.o(.ARM.Collect$$rtexit$$00000003) for __rt_exit_ls
    rtexit.o(.ARM.exidx) refers (Special) to rtexit2.o(.ARM.Collect$$rtexit$$00000002) for __rt_exit_prels_1
    rtexit.o(.ARM.exidx) refers to rtexit.o(.ARM.Collect$$rtexit$$00000000) for .ARM.Collect$$rtexit$$00000000
    libinit2.o(.ARM.Collect$$libinit$$00000001) refers to fpinit.o(x$fpl$fpinit) for _fp_init
    libinit2.o(.ARM.Collect$$libinit$$00000010) refers to libinit2.o(.ARM.Collect$$libinit$$0000000F) for .ARM.Collect$$libinit$$0000000F
    libinit2.o(.ARM.Collect$$libinit$$00000012) refers to libinit2.o(.ARM.Collect$$libinit$$0000000F) for .ARM.Collect$$libinit$$0000000F
    libinit2.o(.ARM.Collect$$libinit$$00000014) refers to libinit2.o(.ARM.Collect$$libinit$$0000000F) for .ARM.Collect$$libinit$$0000000F
    libinit2.o(.ARM.Collect$$libinit$$00000016) refers to libinit2.o(.ARM.Collect$$libinit$$0000000F) for .ARM.Collect$$libinit$$0000000F
    libinit2.o(.ARM.Collect$$libinit$$00000018) refers to libinit2.o(.ARM.Collect$$libinit$$0000000F) for .ARM.Collect$$libinit$$0000000F
    libinit2.o(.ARM.Collect$$libinit$$00000026) refers to argv_veneer.o(.emb_text) for __ARM_argv_veneer
    libinit2.o(.ARM.Collect$$libinit$$00000027) refers to argv_veneer.o(.emb_text) for __ARM_argv_veneer
    rtexit2.o(.ARM.Collect$$rtexit$$00000003) refers to libshutdown.o(.ARM.Collect$$libshutdown$$00000000) for __rt_lib_shutdown
    rtexit2.o(.ARM.Collect$$rtexit$$00000004) refers to sys_exit.o(.text) for _sys_exit
    rtexit2.o(.ARM.exidx) refers to rtexit2.o(.ARM.Collect$$rtexit$$00000001) for .ARM.Collect$$rtexit$$00000001
    rtexit2.o(.ARM.exidx) refers to rtexit2.o(.ARM.Collect$$rtexit$$00000003) for .ARM.Collect$$rtexit$$00000003
    rtexit2.o(.ARM.exidx) refers to rtexit2.o(.ARM.Collect$$rtexit$$00000004) for .ARM.Collect$$rtexit$$00000004
    argv_veneer.o(.emb_text) refers to no_argv.o(.text) for __ARM_get_argv
    sys_exit.o(.text) refers (Special) to use_no_semi.o(.text) for __I$use$semihosting
    sys_exit.o(.text) refers (Special) to indicate_semi.o(.text) for __semihosting_library_function
    sys_exit_hlt.o(.text) refers (Special) to use_no_semi.o(.text) for __I$use$semihosting
    sys_exit_hlt.o(.text) refers (Special) to indicate_semi.o(.text) for __semihosting_library_function
    _get_argv_nomalloc.o(.text) refers (Special) to hrguard.o(.text) for __heap_region$guard
    _get_argv_nomalloc.o(.text) refers to defsig_rtmem_outer.o(.text) for __rt_SIGRTMEM
    _get_argv_nomalloc.o(.text) refers to sys_command.o(.text) for _sys_command_string
    libshutdown.o(.ARM.Collect$$libshutdown$$00000000) refers (Special) to libshutdown2.o(.ARM.Collect$$libshutdown$$00000002) for __rt_lib_shutdown_cpp_1
    libshutdown.o(.ARM.Collect$$libshutdown$$00000000) refers (Special) to libshutdown2.o(.ARM.Collect$$libshutdown$$00000007) for __rt_lib_shutdown_fp_trap_1
    libshutdown.o(.ARM.Collect$$libshutdown$$00000000) refers (Special) to libshutdown2.o(.ARM.Collect$$libshutdown$$0000000F) for __rt_lib_shutdown_heap_1
    libshutdown.o(.ARM.Collect$$libshutdown$$00000000) refers (Special) to libshutdown2.o(.ARM.Collect$$libshutdown$$00000010) for __rt_lib_shutdown_return
    libshutdown.o(.ARM.Collect$$libshutdown$$00000000) refers (Special) to libshutdown2.o(.ARM.Collect$$libshutdown$$0000000A) for __rt_lib_shutdown_signal_1
    libshutdown.o(.ARM.Collect$$libshutdown$$00000000) refers (Special) to libshutdown2.o(.ARM.Collect$$libshutdown$$00000004) for __rt_lib_shutdown_stdio_1
    libshutdown.o(.ARM.Collect$$libshutdown$$00000000) refers (Special) to libshutdown2.o(.ARM.Collect$$libshutdown$$0000000C) for __rt_lib_shutdown_user_alloc_1
    sys_command.o(.text) refers (Special) to use_no_semi.o(.text) for __I$use$semihosting
    sys_command.o(.text) refers (Special) to indicate_semi.o(.text) for __semihosting_library_function
    sys_command_hlt.o(.text) refers (Special) to use_no_semi.o(.text) for __I$use$semihosting
    sys_command_hlt.o(.text) refers (Special) to indicate_semi.o(.text) for __semihosting_library_function
    defsig_rtmem_outer.o(.text) refers to defsig_rtmem_inner.o(.text) for __rt_SIGRTMEM_inner
    defsig_rtmem_outer.o(.text) refers to defsig_exit.o(.text) for __sig_exit
    defsig_rtmem_formal.o(.text) refers to rt_raise.o(.text) for __rt_raise
    rt_raise.o(.text) refers to __raise.o(.text) for __raise
    rt_raise.o(.text) refers to sys_exit.o(.text) for _sys_exit
    defsig_exit.o(.text) refers to sys_exit.o(.text) for _sys_exit
    defsig_rtmem_inner.o(.text) refers to defsig_general.o(.text) for __default_signal_display
    __raise.o(.text) refers to defsig.o(CL$$defsig) for __default_signal_handler
    defsig_general.o(.text) refers to sys_wrch.o(.text) for _ttywrch
    sys_wrch.o(.text) refers (Special) to use_no_semi.o(.text) for __I$use$semihosting
    sys_wrch.o(.text) refers (Special) to indicate_semi.o(.text) for __semihosting_library_function
    sys_wrch_hlt.o(.text) refers (Special) to use_no_semi.o(.text) for __I$use$semihosting
    sys_wrch_hlt.o(.text) refers (Special) to indicate_semi.o(.text) for __semihosting_library_function
    defsig.o(CL$$defsig) refers to defsig_rtmem_inner.o(.text) for __rt_SIGRTMEM_inner
    defsig_abrt_inner.o(.text) refers to defsig_general.o(.text) for __default_signal_display
    defsig_fpe_inner.o(.text) refers to defsig_general.o(.text) for __default_signal_display
    defsig_rtred_inner.o(.text) refers to defsig_general.o(.text) for __default_signal_display
    defsig_stak_inner.o(.text) refers to defsig_general.o(.text) for __default_signal_display
    defsig_pvfn_inner.o(.text) refers to defsig_general.o(.text) for __default_signal_display
    defsig_cppl_inner.o(.text) refers to defsig_general.o(.text) for __default_signal_display
    defsig_segv_inner.o(.text) refers to defsig_general.o(.text) for __default_signal_display
    defsig_other.o(.text) refers to defsig_general.o(.text) for __default_signal_display


==============================================================================

Removing Unused input sections from the image.

    Removing main.o(.text), (0 bytes).
    Removing main.o(.ARM.exidx.text.main), (8 bytes).
    Removing main.o(.ARM.exidx.text.init_pwm), (8 bytes).
    Removing main.o(.text.init_uart), (120 bytes).
    Removing main.o(.ARM.exidx.text.init_uart), (8 bytes).
    Removing main.o(.text.init_adc), (92 bytes).
    Removing main.o(.ARM.exidx.text.init_adc), (8 bytes).
    Removing main.o(.ARM.use_no_argv), (4 bytes).
    Removing shell.o(.text), (0 bytes).
    Removing shell.o(.text.num_char_to_int), (30 bytes).
    Removing shell.o(.ARM.exidx.text.num_char_to_int), (8 bytes).
    Removing shell.o(.ARM.exidx.text.CmdInit), (8 bytes).
    Removing shell.o(.ARM.exidx.text.CmdPrompt), (8 bytes).
    Removing shell.o(.text.UARTStringPut), (48 bytes).
    Removing shell.o(.ARM.exidx.text.UARTStringPut), (8 bytes).
    Removing shell.o(.text.UARTcharput), (22 bytes).
    Removing shell.o(.ARM.exidx.text.UARTcharput), (8 bytes).
    Removing shell.o(.ARM.exidx.text.UARTNumPut), (8 bytes).
    Removing shell.o(.ARM.exidx.text.UARTIntHandler), (8 bytes).
    Removing shell.o(.ARM.exidx.text.CmdReceived), (8 bytes).
    Removing shell.o(.ARM.exidx.text.CmdProcess), (8 bytes).
    Removing shell.o(.ARM.exidx.text.ftoa), (8 bytes).
    Removing shell.o(.ARM.exidx.text.doHelp), (8 bytes).
    Removing shell.o(.ARM.exidx.text.doLed), (8 bytes).
    Removing shell.o(.ARM.exidx.text.readTemp), (8 bytes).
    Removing shell.o(.ARM.exidx.text.fanCtrl), (8 bytes).

26 unused section(s) (total 460 bytes) removed from the image.

==============================================================================

Image Symbol Table

    Local Symbols

    Symbol Name                              Value     Ov Type        Size  Object(Section)

    ../clib/angel/boardlib.s                 0x00000000   Number         0  boardinit1.o ABSOLUTE
    ../clib/angel/boardlib.s                 0x00000000   Number         0  boardinit2.o ABSOLUTE
    ../clib/angel/boardlib.s                 0x00000000   Number         0  boardinit3.o ABSOLUTE
    ../clib/angel/boardlib.s                 0x00000000   Number         0  boardshut.o ABSOLUTE
    ../clib/angel/handlers.s                 0x00000000   Number         0  __scatter_zi.o ABSOLUTE
    ../clib/angel/kernel.s                   0x00000000   Number         0  __rtentry.o ABSOLUTE
    ../clib/angel/kernel.s                   0x00000000   Number         0  __rtentry2.o ABSOLUTE
    ../clib/angel/kernel.s                   0x00000000   Number         0  __rtentry4.o ABSOLUTE
    ../clib/angel/kernel.s                   0x00000000   Number         0  rtexit.o ABSOLUTE
    ../clib/angel/kernel.s                   0x00000000   Number         0  rtexit2.o ABSOLUTE
    ../clib/angel/rt.s                       0x00000000   Number         0  rt_raise.o ABSOLUTE
    ../clib/angel/scatter.s                  0x00000000   Number         0  __scatter.o ABSOLUTE
    ../clib/angel/startup.s                  0x00000000   Number         0  __main.o ABSOLUTE
    ../clib/angel/sys.s                      0x00000000   Number         0  sys_stackheap_outer.o ABSOLUTE
    ../clib/angel/sys.s                      0x00000000   Number         0  libspace.o ABSOLUTE
    ../clib/angel/sys.s                      0x00000000   Number         0  use_no_semi.o ABSOLUTE
    ../clib/angel/sys.s                      0x00000000   Number         0  indicate_semi.o ABSOLUTE
    ../clib/angel/sysapp.c                   0x00000000   Number         0  sys_exit.o ABSOLUTE
    ../clib/angel/sysapp.c                   0x00000000   Number         0  sys_exit_hlt.o ABSOLUTE
    ../clib/angel/sysapp.c                   0x00000000   Number         0  sys_command.o ABSOLUTE
    ../clib/angel/sysapp.c                   0x00000000   Number         0  sys_command_hlt.o ABSOLUTE
    ../clib/angel/sysapp.c                   0x00000000   Number         0  sys_wrch.o ABSOLUTE
    ../clib/angel/sysapp.c                   0x00000000   Number         0  sys_wrch_hlt.o ABSOLUTE
    ../clib/armsys.c                         0x00000000   Number         0  argv_veneer.o ABSOLUTE
    ../clib/armsys.c                         0x00000000   Number         0  argv_veneer.o ABSOLUTE
    ../clib/armsys.c                         0x00000000   Number         0  _get_argv_nomalloc.o ABSOLUTE
    ../clib/armsys.c                         0x00000000   Number         0  no_argv.o ABSOLUTE
    ../clib/heapalloc.c                      0x00000000   Number         0  hrguard.o ABSOLUTE
    ../clib/heapaux.c                        0x00000000   Number         0  heapauxi.o ABSOLUTE
    ../clib/libinit.s                        0x00000000   Number         0  libinit.o ABSOLUTE
    ../clib/libinit.s                        0x00000000   Number         0  libinit2.o ABSOLUTE
    ../clib/libinit.s                        0x00000000   Number         0  libshutdown.o ABSOLUTE
    ../clib/libinit.s                        0x00000000   Number         0  libshutdown2.o ABSOLUTE
    ../clib/memcpset.s                       0x00000000   Number         0  strcmpv7em.o ABSOLUTE
    ../clib/signal.c                         0x00000000   Number         0  defsig_rtmem_outer.o ABSOLUTE
    ../clib/signal.c                         0x00000000   Number         0  defsig_rtmem_formal.o ABSOLUTE
    ../clib/signal.c                         0x00000000   Number         0  defsig_exit.o ABSOLUTE
    ../clib/signal.c                         0x00000000   Number         0  defsig_rtmem_inner.o ABSOLUTE
    ../clib/signal.c                         0x00000000   Number         0  __raise.o ABSOLUTE
    ../clib/signal.c                         0x00000000   Number         0  defsig_general.o ABSOLUTE
    ../clib/signal.c                         0x00000000   Number         0  defsig_abrt_inner.o ABSOLUTE
    ../clib/signal.c                         0x00000000   Number         0  defsig_fpe_inner.o ABSOLUTE
    ../clib/signal.c                         0x00000000   Number         0  defsig_rtred_inner.o ABSOLUTE
    ../clib/signal.c                         0x00000000   Number         0  defsig_stak_inner.o ABSOLUTE
    ../clib/signal.c                         0x00000000   Number         0  defsig_pvfn_inner.o ABSOLUTE
    ../clib/signal.c                         0x00000000   Number         0  defsig_cppl_inner.o ABSOLUTE
    ../clib/signal.c                         0x00000000   Number         0  defsig_segv_inner.o ABSOLUTE
    ../clib/signal.c                         0x00000000   Number         0  defsig_other.o ABSOLUTE
    ../clib/signal.s                         0x00000000   Number         0  defsig.o ABSOLUTE
    ../clib/stdlib.c                         0x00000000   Number         0  exit.o ABSOLUTE
    ../clib/string.c                         0x00000000   Number         0  strcpy.o ABSOLUTE
    ../fplib/d2f.s                           0x00000000   Number         0  d2f.o ABSOLUTE
    ../fplib/daddsub.s                       0x00000000   Number         0  daddsub_clz.o ABSOLUTE
    ../fplib/dmul.s                          0x00000000   Number         0  dmul.o ABSOLUTE
    ../fplib/dnaninf.s                       0x00000000   Number         0  dnaninf.o ABSOLUTE
    ../fplib/dretinf.s                       0x00000000   Number         0  dretinf.o ABSOLUTE
    ../fplib/f2d.s                           0x00000000   Number         0  f2d.o ABSOLUTE
    ../fplib/fnaninf.s                       0x00000000   Number         0  fnaninf.o ABSOLUTE
    ../fplib/fpinit.s                        0x00000000   Number         0  fpinit.o ABSOLUTE
    ../fplib/fretinf.s                       0x00000000   Number         0  fretinf.o ABSOLUTE
    ../fplib/usenofp.s                       0x00000000   Number         0  usenofp.o ABSOLUTE
    ..\src_c\startup_rvmdk.S                 0x00000000   Number         0  startup_rvmdk.o ABSOLUTE
    dc.s                                     0x00000000   Number         0  dc.o ABSOLUTE
    main.c                                   0x00000000   Number         0  main.o ABSOLUTE
    shell.c                                  0x00000000   Number         0  shell.o ABSOLUTE
    RESET                                    0x00000000   Section      648  startup_rvmdk.o(RESET)
    $v0                                      0x0000026c   Number         0  startup_rvmdk.o(RESET)
    NmiSR                                    0x00000281   Thumb Code     0  startup_rvmdk.o(RESET)
    FaultISR                                 0x00000283   Thumb Code     0  startup_rvmdk.o(RESET)
    IntDefaultHandler                        0x00000285   Thumb Code     0  startup_rvmdk.o(RESET)
    !!!main                                  0x00000288   Section        8  __main.o(!!!main)
    !!!scatter                               0x00000290   Section       52  __scatter.o(!!!scatter)
    !!handler_zi                             0x000002c4   Section       28  __scatter_zi.o(!!handler_zi)
    .ARM.Collect$$libinit$$00000000          0x000002e0   Section        2  libinit.o(.ARM.Collect$$libinit$$00000000)
    .ARM.Collect$$libinit$$00000001          0x000002e2   Section        4  libinit2.o(.ARM.Collect$$libinit$$00000001)
    .ARM.Collect$$libinit$$00000004          0x000002e6   Section        0  libinit2.o(.ARM.Collect$$libinit$$00000004)
    .ARM.Collect$$libinit$$0000000A          0x000002e6   Section        0  libinit2.o(.ARM.Collect$$libinit$$0000000A)
    .ARM.Collect$$libinit$$0000000C          0x000002e6   Section        0  libinit2.o(.ARM.Collect$$libinit$$0000000C)
    .ARM.Collect$$libinit$$0000000E          0x000002e6   Section        0  libinit2.o(.ARM.Collect$$libinit$$0000000E)
    .ARM.Collect$$libinit$$00000011          0x000002e6   Section        0  libinit2.o(.ARM.Collect$$libinit$$00000011)
    .ARM.Collect$$libinit$$00000013          0x000002e6   Section        0  libinit2.o(.ARM.Collect$$libinit$$00000013)
    .ARM.Collect$$libinit$$00000015          0x000002e6   Section        0  libinit2.o(.ARM.Collect$$libinit$$00000015)
    .ARM.Collect$$libinit$$00000017          0x000002e6   Section        0  libinit2.o(.ARM.Collect$$libinit$$00000017)
    .ARM.Collect$$libinit$$00000019          0x000002e6   Section        0  libinit2.o(.ARM.Collect$$libinit$$00000019)
    .ARM.Collect$$libinit$$0000001B          0x000002e6   Section        0  libinit2.o(.ARM.Collect$$libinit$$0000001B)
    .ARM.Collect$$libinit$$0000001D          0x000002e6   Section        0  libinit2.o(.ARM.Collect$$libinit$$0000001D)
    .ARM.Collect$$libinit$$0000001F          0x000002e6   Section        0  libinit2.o(.ARM.Collect$$libinit$$0000001F)
    .ARM.Collect$$libinit$$00000021          0x000002e6   Section        0  libinit2.o(.ARM.Collect$$libinit$$00000021)
    .ARM.Collect$$libinit$$00000023          0x000002e6   Section        0  libinit2.o(.ARM.Collect$$libinit$$00000023)
    .ARM.Collect$$libinit$$00000025          0x000002e6   Section        0  libinit2.o(.ARM.Collect$$libinit$$00000025)
    .ARM.Collect$$libinit$$0000002C          0x000002e6   Section        0  libinit2.o(.ARM.Collect$$libinit$$0000002C)
    .ARM.Collect$$libinit$$0000002E          0x000002e6   Section        0  libinit2.o(.ARM.Collect$$libinit$$0000002E)
    .ARM.Collect$$libinit$$00000030          0x000002e6   Section        0  libinit2.o(.ARM.Collect$$libinit$$00000030)
    .ARM.Collect$$libinit$$00000032          0x000002e6   Section        0  libinit2.o(.ARM.Collect$$libinit$$00000032)
    .ARM.Collect$$libinit$$00000033          0x000002e6   Section        2  libinit2.o(.ARM.Collect$$libinit$$00000033)
    .ARM.Collect$$libshutdown$$00000000      0x000002e8   Section        2  libshutdown.o(.ARM.Collect$$libshutdown$$00000000)
    .ARM.Collect$$libshutdown$$00000002      0x000002ea   Section        0  libshutdown2.o(.ARM.Collect$$libshutdown$$00000002)
    .ARM.Collect$$libshutdown$$00000004      0x000002ea   Section        0  libshutdown2.o(.ARM.Collect$$libshutdown$$00000004)
    .ARM.Collect$$libshutdown$$00000007      0x000002ea   Section        0  libshutdown2.o(.ARM.Collect$$libshutdown$$00000007)
    .ARM.Collect$$libshutdown$$0000000A      0x000002ea   Section        0  libshutdown2.o(.ARM.Collect$$libshutdown$$0000000A)
    .ARM.Collect$$libshutdown$$0000000C      0x000002ea   Section        0  libshutdown2.o(.ARM.Collect$$libshutdown$$0000000C)
    .ARM.Collect$$libshutdown$$0000000F      0x000002ea   Section        0  libshutdown2.o(.ARM.Collect$$libshutdown$$0000000F)
    .ARM.Collect$$libshutdown$$00000010      0x000002ea   Section        2  libshutdown2.o(.ARM.Collect$$libshutdown$$00000010)
    .ARM.Collect$$rtentry$$00000000          0x000002ec   Section        0  __rtentry.o(.ARM.Collect$$rtentry$$00000000)
    .ARM.Collect$$rtentry$$00000002          0x000002ec   Section        0  __rtentry2.o(.ARM.Collect$$rtentry$$00000002)
    .ARM.Collect$$rtentry$$00000004          0x000002ec   Section        6  __rtentry4.o(.ARM.Collect$$rtentry$$00000004)
    .ARM.Collect$$rtentry$$00000009          0x000002f2   Section        0  __rtentry2.o(.ARM.Collect$$rtentry$$00000009)
    .ARM.Collect$$rtentry$$0000000A          0x000002f2   Section        4  __rtentry2.o(.ARM.Collect$$rtentry$$0000000A)
    .ARM.Collect$$rtentry$$0000000C          0x000002f6   Section        0  __rtentry2.o(.ARM.Collect$$rtentry$$0000000C)
    .ARM.Collect$$rtentry$$0000000D          0x000002f6   Section        8  __rtentry2.o(.ARM.Collect$$rtentry$$0000000D)
    .ARM.Collect$$rtexit$$00000000           0x000002fe   Section        2  rtexit.o(.ARM.Collect$$rtexit$$00000000)
    .ARM.Collect$$rtexit$$00000002           0x00000300   Section        0  rtexit2.o(.ARM.Collect$$rtexit$$00000002)
    .ARM.Collect$$rtexit$$00000003           0x00000300   Section        4  rtexit2.o(.ARM.Collect$$rtexit$$00000003)
    .ARM.Collect$$rtexit$$00000004           0x00000304   Section        6  rtexit2.o(.ARM.Collect$$rtexit$$00000004)
    $v0                                      0x0000030c   Number         0  startup_rvmdk.o(.text)
    .text                                    0x0000030c   Section       24  startup_rvmdk.o(.text)
    .text                                    0x00000324   Section        0  strcpy.o(.text)
    .text                                    0x00000370   Section      124  strcmpv7em.o(.text)
    .text                                    0x000003ec   Section        0  heapauxi.o(.text)
    .text                                    0x000003f2   Section       74  sys_stackheap_outer.o(.text)
    .text                                    0x0000043c   Section        0  exit.o(.text)
    .text                                    0x00000450   Section        8  libspace.o(.text)
    .text                                    0x00000458   Section        0  sys_exit.o(.text)
    .text                                    0x00000464   Section        2  use_no_semi.o(.text)
    .text                                    0x00000466   Section        0  indicate_semi.o(.text)
    [Anonymous Symbol]                       0x00000468   Section        0  shell.o(.text.CmdInit)
    [Anonymous Symbol]                       0x0000049c   Section        0  shell.o(.text.CmdProcess)
    CmdTable                                 0x00000678   Number         0  shell.o(.text.CmdProcess)
    [Anonymous Symbol]                       0x000006a8   Section        0  shell.o(.text.CmdPrompt)
    [Anonymous Symbol]                       0x000006d0   Section        0  shell.o(.text.CmdReceived)
    [Anonymous Symbol]                       0x000006e8   Section        0  shell.o(.text.UARTIntHandler)
    [Anonymous Symbol]                       0x00000780   Section        0  shell.o(.text.UARTNumPut)
    doHelp                                   0x000007b5   Thumb Code   180  shell.o(.text.doHelp)
    [Anonymous Symbol]                       0x000007b4   Section        0  shell.o(.text.doHelp)
    doLed                                    0x00000869   Thumb Code   180  shell.o(.text.doLed)
    [Anonymous Symbol]                       0x00000868   Section        0  shell.o(.text.doLed)
    fanCtrl                                  0x0000091d   Thumb Code   666  shell.o(.text.fanCtrl)
    [Anonymous Symbol]                       0x0000091c   Section        0  shell.o(.text.fanCtrl)
    [Anonymous Symbol]                       0x00000bb8   Section        0  shell.o(.text.ftoa)
    [Anonymous Symbol]                       0x00000db8   Section        0  main.o(.text.init_pwm)
    [Anonymous Symbol]                       0x00000ec4   Section        0  main.o(.text.main)
    readTemp                                 0x00000fb9   Thumb Code   244  shell.o(.text.readTemp)
    [Anonymous Symbol]                       0x00000fb8   Section        0  shell.o(.text.readTemp)
    $v0                                      0x000010ac   Number         0  d2f.o(x$fpl$d2f)
    x$fpl$d2f                                0x000010ac   Section       98  d2f.o(x$fpl$d2f)
    $v0                                      0x00001110   Number         0  daddsub_clz.o(x$fpl$dadd)
    x$fpl$dadd                               0x00001110   Section      336  daddsub_clz.o(x$fpl$dadd)
    _dadd1                                   0x00001121   Thumb Code     0  daddsub_clz.o(x$fpl$dadd)
    $v0                                      0x00001260   Number         0  dmul.o(x$fpl$dmul)
    x$fpl$dmul                               0x00001260   Section      340  dmul.o(x$fpl$dmul)
    $v0                                      0x000013b4   Number         0  dnaninf.o(x$fpl$dnaninf)
    x$fpl$dnaninf                            0x000013b4   Section      156  dnaninf.o(x$fpl$dnaninf)
    $v0                                      0x00001450   Number         0  dretinf.o(x$fpl$dretinf)
    x$fpl$dretinf                            0x00001450   Section       12  dretinf.o(x$fpl$dretinf)
    $v0                                      0x0000145c   Number         0  daddsub_clz.o(x$fpl$dsub)
    x$fpl$dsub                               0x0000145c   Section      468  daddsub_clz.o(x$fpl$dsub)
    _dsub1                                   0x0000146d   Thumb Code     0  daddsub_clz.o(x$fpl$dsub)
    $v0                                      0x00001630   Number         0  f2d.o(x$fpl$f2d)
    x$fpl$f2d                                0x00001630   Section       86  f2d.o(x$fpl$f2d)
    $v0                                      0x00001686   Number         0  fnaninf.o(x$fpl$fnaninf)
    x$fpl$fnaninf                            0x00001686   Section      140  fnaninf.o(x$fpl$fnaninf)
    $v0                                      0x00001712   Number         0  fpinit.o(x$fpl$fpinit)
    x$fpl$fpinit                             0x00001712   Section       26  fpinit.o(x$fpl$fpinit)
    $v0                                      0x0000172c   Number         0  fretinf.o(x$fpl$fretinf)
    x$fpl$fretinf                            0x0000172c   Section       10  fretinf.o(x$fpl$fretinf)
    x$fpl$usenofp                            0x00001736   Section        0  usenofp.o(x$fpl$usenofp)
    MapTable                                 0x00001738   Data          80  shell.o(.rodata.MapTable)
    [Anonymous Symbol]                       0x00001738   Section        0  shell.o(.rodata.MapTable)
    .L.str.9                                 0x00001788   Data          26  shell.o(.rodata.str1.1)
    [Anonymous Symbol]                       0x00001788   Section        0  shell.o(.rodata.str1.1)
    .L.str.7                                 0x000017a2   Data          26  shell.o(.rodata.str1.1)
    .L.str.5                                 0x000017bc   Data          26  shell.o(.rodata.str1.1)
    .L.str.11                                0x000017d6   Data          26  shell.o(.rodata.str1.1)
    .L.str.6                                 0x000017f0   Data           4  shell.o(.rodata.str1.1)
    .L.str.10                                0x000017f4   Data           8  shell.o(.rodata.str1.1)
    .L.str.4                                 0x000017fc   Data           5  shell.o(.rodata.str1.1)
    .L.str.8                                 0x00001801   Data           9  shell.o(.rodata.str1.1)
    .bss                                     0x20000000   Section       96  libspace.o(.bss)
    CmdBuf                                   0x20000060   Data          80  shell.o(.bss.CmdBuf)
    [Anonymous Symbol]                       0x20000060   Section        0  shell.o(.bss.CmdBuf)
    CmdFlag                                  0x200000b0   Data           1  shell.o(.bss.CmdFlag)
    [Anonymous Symbol]                       0x200000b0   Section        0  shell.o(.bss.CmdFlag)
    UARTIntHandler.rxbuf                     0x200000b1   Data          81  shell.o(.bss.UARTIntHandler.rxbuf)
    [Anonymous Symbol]                       0x200000b1   Section        0  shell.o(.bss.UARTIntHandler.rxbuf)
    UARTIntHandler.rxlen                     0x20000104   Data           4  shell.o(.bss.UARTIntHandler.rxlen)
    [Anonymous Symbol]                       0x20000104   Section        0  shell.o(.bss.UARTIntHandler.rxlen)
    HeapMem                                  0x20000108   Data           0  startup_rvmdk.o(HEAP)
    StackMem                                 0x20000108   Data           0  startup_rvmdk.o(STACK)
    HEAP                                     0x20000108   Section        0  startup_rvmdk.o(HEAP)
    STACK                                    0x20000108   Section      256  startup_rvmdk.o(STACK)

    Global Symbols

    Symbol Name                              Value     Ov Type        Size  Object(Section)

    BuildAttributes$$THM_ISAv4$E$P$D$K$B$S$7EM$VFPi3$EXTD16$VFPS$VFMA$PE$A:L22UL41UL21$X:L11$S22US41US21$IEEE1$IW$~IW$USESV6$~STKCKD$USESV7$~SHL$OTIME$ROPI$EBA8$UX$STANDARDLIB$REQ8$PRES8$EABIv2 0x00000000   Number         0  anon$$obj.o ABSOLUTE
    __Vectors                                0x00000000   Data           0  startup_rvmdk.o(RESET)
    __ARM_exceptions_init                     - Undefined Weak Reference
    __alloca_initialize                       - Undefined Weak Reference
    __arm_preinit_                            - Undefined Weak Reference
    __cpp_initialize__aeabi_                  - Undefined Weak Reference
    __cxa_finalize                            - Undefined Weak Reference
    __rt_locale                               - Undefined Weak Reference
    __sigvec_lookup                           - Undefined Weak Reference
    _atexit_init                              - Undefined Weak Reference
    _call_atexit_fns                          - Undefined Weak Reference
    _clock_init                               - Undefined Weak Reference
    _fp_trap_init                             - Undefined Weak Reference
    _fp_trap_shutdown                         - Undefined Weak Reference
    _get_lc_collate                           - Undefined Weak Reference
    _get_lc_ctype                             - Undefined Weak Reference
    _get_lc_monetary                          - Undefined Weak Reference
    _get_lc_numeric                           - Undefined Weak Reference
    _get_lc_time                              - Undefined Weak Reference
    _getenv_init                              - Undefined Weak Reference
    _handle_redirection                       - Undefined Weak Reference
    _init_alloc                               - Undefined Weak Reference
    _init_user_alloc                          - Undefined Weak Reference
    _initio                                   - Undefined Weak Reference
    _rand_init                                - Undefined Weak Reference
    _signal_finish                            - Undefined Weak Reference
    _signal_init                              - Undefined Weak Reference
    _terminate_alloc                          - Undefined Weak Reference
    _terminate_user_alloc                     - Undefined Weak Reference
    _terminateio                              - Undefined Weak Reference
    Reset_Handler                            0x0000026d   Thumb Code     0  startup_rvmdk.o(RESET)
    __main                                   0x00000289   Thumb Code     8  __main.o(!!!main)
    __scatterload                            0x00000291   Thumb Code     0  __scatter.o(!!!scatter)
    __scatterload_rt2                        0x00000291   Thumb Code    44  __scatter.o(!!!scatter)
    __scatterload_rt2_thumb_only             0x00000291   Thumb Code     0  __scatter.o(!!!scatter)
    __scatterload_null                       0x0000029f   Thumb Code     0  __scatter.o(!!!scatter)
    __scatterload_zeroinit                   0x000002c5   Thumb Code    28  __scatter_zi.o(!!handler_zi)
    __rt_lib_init                            0x000002e1   Thumb Code     0  libinit.o(.ARM.Collect$$libinit$$00000000)
    __rt_lib_init_fp_1                       0x000002e3   Thumb Code     0  libinit2.o(.ARM.Collect$$libinit$$00000001)
    __rt_lib_init_alloca_1                   0x000002e7   Thumb Code     0  libinit2.o(.ARM.Collect$$libinit$$0000002E)
    __rt_lib_init_argv_1                     0x000002e7   Thumb Code     0  libinit2.o(.ARM.Collect$$libinit$$0000002C)
    __rt_lib_init_atexit_1                   0x000002e7   Thumb Code     0  libinit2.o(.ARM.Collect$$libinit$$0000001B)
    __rt_lib_init_clock_1                    0x000002e7   Thumb Code     0  libinit2.o(.ARM.Collect$$libinit$$00000021)
    __rt_lib_init_cpp_1                      0x000002e7   Thumb Code     0  libinit2.o(.ARM.Collect$$libinit$$00000032)
    __rt_lib_init_exceptions_1               0x000002e7   Thumb Code     0  libinit2.o(.ARM.Collect$$libinit$$00000030)
    __rt_lib_init_fp_trap_1                  0x000002e7   Thumb Code     0  libinit2.o(.ARM.Collect$$libinit$$0000001F)
    __rt_lib_init_getenv_1                   0x000002e7   Thumb Code     0  libinit2.o(.ARM.Collect$$libinit$$00000023)
    __rt_lib_init_heap_1                     0x000002e7   Thumb Code     0  libinit2.o(.ARM.Collect$$libinit$$0000000A)
    __rt_lib_init_lc_collate_1               0x000002e7   Thumb Code     0  libinit2.o(.ARM.Collect$$libinit$$00000011)
    __rt_lib_init_lc_ctype_1                 0x000002e7   Thumb Code     0  libinit2.o(.ARM.Collect$$libinit$$00000013)
    __rt_lib_init_lc_monetary_1              0x000002e7   Thumb Code     0  libinit2.o(.ARM.Collect$$libinit$$00000015)
    __rt_lib_init_lc_numeric_1               0x000002e7   Thumb Code     0  libinit2.o(.ARM.Collect$$libinit$$00000017)
    __rt_lib_init_lc_time_1                  0x000002e7   Thumb Code     0  libinit2.o(.ARM.Collect$$libinit$$00000019)
    __rt_lib_init_preinit_1                  0x000002e7   Thumb Code     0  libinit2.o(.ARM.Collect$$libinit$$00000004)
    __rt_lib_init_rand_1                     0x000002e7   Thumb Code     0  libinit2.o(.ARM.Collect$$libinit$$0000000E)
    __rt_lib_init_return                     0x000002e7   Thumb Code     0  libinit2.o(.ARM.Collect$$libinit$$00000033)
    __rt_lib_init_signal_1                   0x000002e7   Thumb Code     0  libinit2.o(.ARM.Collect$$libinit$$0000001D)
    __rt_lib_init_stdio_1                    0x000002e7   Thumb Code     0  libinit2.o(.ARM.Collect$$libinit$$00000025)
    __rt_lib_init_user_alloc_1               0x000002e7   Thumb Code     0  libinit2.o(.ARM.Collect$$libinit$$0000000C)
    __rt_lib_shutdown                        0x000002e9   Thumb Code     0  libshutdown.o(.ARM.Collect$$libshutdown$$00000000)
    __rt_lib_shutdown_cpp_1                  0x000002eb   Thumb Code     0  libshutdown2.o(.ARM.Collect$$libshutdown$$00000002)
    __rt_lib_shutdown_fp_trap_1              0x000002eb   Thumb Code     0  libshutdown2.o(.ARM.Collect$$libshutdown$$00000007)
    __rt_lib_shutdown_heap_1                 0x000002eb   Thumb Code     0  libshutdown2.o(.ARM.Collect$$libshutdown$$0000000F)
    __rt_lib_shutdown_return                 0x000002eb   Thumb Code     0  libshutdown2.o(.ARM.Collect$$libshutdown$$00000010)
    __rt_lib_shutdown_signal_1               0x000002eb   Thumb Code     0  libshutdown2.o(.ARM.Collect$$libshutdown$$0000000A)
    __rt_lib_shutdown_stdio_1                0x000002eb   Thumb Code     0  libshutdown2.o(.ARM.Collect$$libshutdown$$00000004)
    __rt_lib_shutdown_user_alloc_1           0x000002eb   Thumb Code     0  libshutdown2.o(.ARM.Collect$$libshutdown$$0000000C)
    __rt_entry                               0x000002ed   Thumb Code     0  __rtentry.o(.ARM.Collect$$rtentry$$00000000)
    __rt_entry_presh_1                       0x000002ed   Thumb Code     0  __rtentry2.o(.ARM.Collect$$rtentry$$00000002)
    __rt_entry_sh                            0x000002ed   Thumb Code     0  __rtentry4.o(.ARM.Collect$$rtentry$$00000004)
    __rt_entry_li                            0x000002f3   Thumb Code     0  __rtentry2.o(.ARM.Collect$$rtentry$$0000000A)
    __rt_entry_postsh_1                      0x000002f3   Thumb Code     0  __rtentry2.o(.ARM.Collect$$rtentry$$00000009)
    __rt_entry_main                          0x000002f7   Thumb Code     0  __rtentry2.o(.ARM.Collect$$rtentry$$0000000D)
    __rt_entry_postli_1                      0x000002f7   Thumb Code     0  __rtentry2.o(.ARM.Collect$$rtentry$$0000000C)
    __rt_exit                                0x000002ff   Thumb Code     0  rtexit.o(.ARM.Collect$$rtexit$$00000000)
    __rt_exit_ls                             0x00000301   Thumb Code     0  rtexit2.o(.ARM.Collect$$rtexit$$00000003)
    __rt_exit_prels_1                        0x00000301   Thumb Code     0  rtexit2.o(.ARM.Collect$$rtexit$$00000002)
    __rt_exit_exit                           0x00000305   Thumb Code     0  rtexit2.o(.ARM.Collect$$rtexit$$00000004)
    __user_initial_stackheap                 0x0000030d   Thumb Code     0  startup_rvmdk.o(.text)
    strcpy                                   0x00000325   Thumb Code    72  strcpy.o(.text)
    strcmp                                   0x00000371   Thumb Code   124  strcmpv7em.o(.text)
    __use_two_region_memory                  0x000003ed   Thumb Code     2  heapauxi.o(.text)
    __rt_heap_escrow$2region                 0x000003ef   Thumb Code     2  heapauxi.o(.text)
    __rt_heap_expand$2region                 0x000003f1   Thumb Code     2  heapauxi.o(.text)
    __user_setup_stackheap                   0x000003f3   Thumb Code    74  sys_stackheap_outer.o(.text)
    exit                                     0x0000043d   Thumb Code    18  exit.o(.text)
    __user_libspace                          0x00000451   Thumb Code     8  libspace.o(.text)
    __user_perproc_libspace                  0x00000451   Thumb Code     0  libspace.o(.text)
    __user_perthread_libspace                0x00000451   Thumb Code     0  libspace.o(.text)
    _sys_exit                                0x00000459   Thumb Code     8  sys_exit.o(.text)
    __I$use$semihosting                      0x00000465   Thumb Code     0  use_no_semi.o(.text)
    __use_no_semihosting_swi                 0x00000465   Thumb Code     2  use_no_semi.o(.text)
    __semihosting_library_function           0x00000467   Thumb Code     0  indicate_semi.o(.text)
    CmdInit                                  0x00000469   Thumb Code    52  shell.o(.text.CmdInit)
    CmdProcess                               0x0000049d   Thumb Code   524  shell.o(.text.CmdProcess)
    CmdPrompt                                0x000006a9   Thumb Code    40  shell.o(.text.CmdPrompt)
    CmdReceived                              0x000006d1   Thumb Code    24  shell.o(.text.CmdReceived)
    UARTIntHandler                           0x000006e9   Thumb Code   150  shell.o(.text.UARTIntHandler)
    UARTNumPut                               0x00000781   Thumb Code    52  shell.o(.text.UARTNumPut)
    ftoa                                     0x00000bb9   Thumb Code   510  shell.o(.text.ftoa)
    init_pwm                                 0x00000db9   Thumb Code   266  main.o(.text.init_pwm)
    main                                     0x00000ec5   Thumb Code   244  main.o(.text.main)
    __aeabi_d2f                              0x000010ad   Thumb Code     0  d2f.o(x$fpl$d2f)
    _d2f                                     0x000010ad   Thumb Code    98  d2f.o(x$fpl$d2f)
    __aeabi_dadd                             0x00001111   Thumb Code     0  daddsub_clz.o(x$fpl$dadd)
    _dadd                                    0x00001111   Thumb Code   332  daddsub_clz.o(x$fpl$dadd)
    __aeabi_dmul                             0x00001261   Thumb Code     0  dmul.o(x$fpl$dmul)
    _dmul                                    0x00001261   Thumb Code   332  dmul.o(x$fpl$dmul)
    __fpl_dnaninf                            0x000013b5   Thumb Code   156  dnaninf.o(x$fpl$dnaninf)
    __fpl_dretinf                            0x00001451   Thumb Code    12  dretinf.o(x$fpl$dretinf)
    __aeabi_dsub                             0x0000145d   Thumb Code     0  daddsub_clz.o(x$fpl$dsub)
    _dsub                                    0x0000145d   Thumb Code   464  daddsub_clz.o(x$fpl$dsub)
    __aeabi_f2d                              0x00001631   Thumb Code     0  f2d.o(x$fpl$f2d)
    _f2d                                     0x00001631   Thumb Code    86  f2d.o(x$fpl$f2d)
    __fpl_fnaninf                            0x00001687   Thumb Code   140  fnaninf.o(x$fpl$fnaninf)
    _fp_init                                 0x00001713   Thumb Code    26  fpinit.o(x$fpl$fpinit)
    __fplib_config_fpu_vfp                   0x0000172b   Thumb Code     0  fpinit.o(x$fpl$fpinit)
    __fplib_config_pureend_doubles           0x0000172b   Thumb Code     0  fpinit.o(x$fpl$fpinit)
    __fpl_fretinf                            0x0000172d   Thumb Code    10  fretinf.o(x$fpl$fretinf)
    __I$use$fp                               0x00001736   Number         0  usenofp.o(x$fpl$usenofp)
    Region$$Table$$Base                      0x0000180c   Number         0  anon$$obj.o(Region$$Table)
    Region$$Table$$Limit                     0x0000181c   Number         0  anon$$obj.o(Region$$Table)
    __libspace_start                         0x20000000   Data          96  libspace.o(.bss)
    __temporary_stack_top$libspace           0x20000060   Data           0  libspace.o(.bss)



==============================================================================

Memory Map of the image

  Image Entry point : 0x0000026d

  Load Region LR_1 (Base: 0x00000000, Size: 0x0000181c, Max: 0xffffffff, ABSOLUTE)

    Execution Region ER_RO (Exec base: 0x00000000, Load base: 0x00000000, Size: 0x0000181c, Max: 0xffffffff, ABSOLUTE)

    Exec Addr    Load Addr    Size         Type   Attr      Idx    E Section Name        Object

    0x00000000   0x00000000   0x00000288   Code   RO           61  * RESET               startup_rvmdk.o
    0x00000288   0x00000288   0x00000008   Code   RO           77  * !!!main             c_w.l(__main.o)
    0x00000290   0x00000290   0x00000034   Code   RO          261    !!!scatter          c_w.l(__scatter.o)
    0x000002c4   0x000002c4   0x0000001c   Code   RO          263    !!handler_zi        c_w.l(__scatter_zi.o)
    0x000002e0   0x000002e0   0x00000002   Code   RO          125    .ARM.Collect$$libinit$$00000000  c_w.l(libinit.o)
    0x000002e2   0x000002e2   0x00000004   Code   RO          131    .ARM.Collect$$libinit$$00000001  c_w.l(libinit2.o)
    0x000002e6   0x000002e6   0x00000000   Code   RO          134    .ARM.Collect$$libinit$$00000004  c_w.l(libinit2.o)
    0x000002e6   0x000002e6   0x00000000   Code   RO          137    .ARM.Collect$$libinit$$0000000A  c_w.l(libinit2.o)
    0x000002e6   0x000002e6   0x00000000   Code   RO          139    .ARM.Collect$$libinit$$0000000C  c_w.l(libinit2.o)
    0x000002e6   0x000002e6   0x00000000   Code   RO          141    .ARM.Collect$$libinit$$0000000E  c_w.l(libinit2.o)
    0x000002e6   0x000002e6   0x00000000   Code   RO          144    .ARM.Collect$$libinit$$00000011  c_w.l(libinit2.o)
    0x000002e6   0x000002e6   0x00000000   Code   RO          146    .ARM.Collect$$libinit$$00000013  c_w.l(libinit2.o)
    0x000002e6   0x000002e6   0x00000000   Code   RO          148    .ARM.Collect$$libinit$$00000015  c_w.l(libinit2.o)
    0x000002e6   0x000002e6   0x00000000   Code   RO          150    .ARM.Collect$$libinit$$00000017  c_w.l(libinit2.o)
    0x000002e6   0x000002e6   0x00000000   Code   RO          152    .ARM.Collect$$libinit$$00000019  c_w.l(libinit2.o)
    0x000002e6   0x000002e6   0x00000000   Code   RO          154    .ARM.Collect$$libinit$$0000001B  c_w.l(libinit2.o)
    0x000002e6   0x000002e6   0x00000000   Code   RO          156    .ARM.Collect$$libinit$$0000001D  c_w.l(libinit2.o)
    0x000002e6   0x000002e6   0x00000000   Code   RO          158    .ARM.Collect$$libinit$$0000001F  c_w.l(libinit2.o)
    0x000002e6   0x000002e6   0x00000000   Code   RO          160    .ARM.Collect$$libinit$$00000021  c_w.l(libinit2.o)
    0x000002e6   0x000002e6   0x00000000   Code   RO          162    .ARM.Collect$$libinit$$00000023  c_w.l(libinit2.o)
    0x000002e6   0x000002e6   0x00000000   Code   RO          164    .ARM.Collect$$libinit$$00000025  c_w.l(libinit2.o)
    0x000002e6   0x000002e6   0x00000000   Code   RO          168    .ARM.Collect$$libinit$$0000002C  c_w.l(libinit2.o)
    0x000002e6   0x000002e6   0x00000000   Code   RO          170    .ARM.Collect$$libinit$$0000002E  c_w.l(libinit2.o)
    0x000002e6   0x000002e6   0x00000000   Code   RO          172    .ARM.Collect$$libinit$$00000030  c_w.l(libinit2.o)
    0x000002e6   0x000002e6   0x00000000   Code   RO          174    .ARM.Collect$$libinit$$00000032  c_w.l(libinit2.o)
    0x000002e6   0x000002e6   0x00000002   Code   RO          175    .ARM.Collect$$libinit$$00000033  c_w.l(libinit2.o)
    0x000002e8   0x000002e8   0x00000002   Code   RO          197    .ARM.Collect$$libshutdown$$00000000  c_w.l(libshutdown.o)
    0x000002ea   0x000002ea   0x00000000   Code   RO          212    .ARM.Collect$$libshutdown$$00000002  c_w.l(libshutdown2.o)
    0x000002ea   0x000002ea   0x00000000   Code   RO          214    .ARM.Collect$$libshutdown$$00000004  c_w.l(libshutdown2.o)
    0x000002ea   0x000002ea   0x00000000   Code   RO          217    .ARM.Collect$$libshutdown$$00000007  c_w.l(libshutdown2.o)
    0x000002ea   0x000002ea   0x00000000   Code   RO          220    .ARM.Collect$$libshutdown$$0000000A  c_w.l(libshutdown2.o)
    0x000002ea   0x000002ea   0x00000000   Code   RO          222    .ARM.Collect$$libshutdown$$0000000C  c_w.l(libshutdown2.o)
    0x000002ea   0x000002ea   0x00000000   Code   RO          225    .ARM.Collect$$libshutdown$$0000000F  c_w.l(libshutdown2.o)
    0x000002ea   0x000002ea   0x00000002   Code   RO          226    .ARM.Collect$$libshutdown$$00000010  c_w.l(libshutdown2.o)
    0x000002ec   0x000002ec   0x00000000   Code   RO           91    .ARM.Collect$$rtentry$$00000000  c_w.l(__rtentry.o)
    0x000002ec   0x000002ec   0x00000000   Code   RO          102    .ARM.Collect$$rtentry$$00000002  c_w.l(__rtentry2.o)
    0x000002ec   0x000002ec   0x00000006   Code   RO          114    .ARM.Collect$$rtentry$$00000004  c_w.l(__rtentry4.o)
    0x000002f2   0x000002f2   0x00000000   Code   RO          104    .ARM.Collect$$rtentry$$00000009  c_w.l(__rtentry2.o)
    0x000002f2   0x000002f2   0x00000004   Code   RO          105    .ARM.Collect$$rtentry$$0000000A  c_w.l(__rtentry2.o)
    0x000002f6   0x000002f6   0x00000000   Code   RO          107    .ARM.Collect$$rtentry$$0000000C  c_w.l(__rtentry2.o)
    0x000002f6   0x000002f6   0x00000008   Code   RO          108    .ARM.Collect$$rtentry$$0000000D  c_w.l(__rtentry2.o)
    0x000002fe   0x000002fe   0x00000002   Code   RO          129    .ARM.Collect$$rtexit$$00000000  c_w.l(rtexit.o)
    0x00000300   0x00000300   0x00000000   Code   RO          177    .ARM.Collect$$rtexit$$00000002  c_w.l(rtexit2.o)
    0x00000300   0x00000300   0x00000004   Code   RO          178    .ARM.Collect$$rtexit$$00000003  c_w.l(rtexit2.o)
    0x00000304   0x00000304   0x00000006   Code   RO          179    .ARM.Collect$$rtexit$$00000004  c_w.l(rtexit2.o)
    0x0000030a   0x0000030a   0x00000002   PAD
    0x0000030c   0x0000030c   0x00000018   Code   RO           62    .text               startup_rvmdk.o
    0x00000324   0x00000324   0x00000048   Code   RO           71    .text               c_w.l(strcpy.o)
    0x0000036c   0x0000036c   0x00000004   PAD
    0x00000370   0x00000370   0x0000007c   Code   RO           73    .text               c_w.l(strcmpv7em.o)
    0x000003ec   0x000003ec   0x00000006   Code   RO           75    .text               c_w.l(heapauxi.o)
    0x000003f2   0x000003f2   0x0000004a   Code   RO          116    .text               c_w.l(sys_stackheap_outer.o)
    0x0000043c   0x0000043c   0x00000012   Code   RO          118    .text               c_w.l(exit.o)
    0x0000044e   0x0000044e   0x00000002   PAD
    0x00000450   0x00000450   0x00000008   Code   RO          126    .text               c_w.l(libspace.o)
    0x00000458   0x00000458   0x0000000c   Code   RO          187    .text               c_w.l(sys_exit.o)
    0x00000464   0x00000464   0x00000002   Code   RO          202    .text               c_w.l(use_no_semi.o)
    0x00000466   0x00000466   0x00000000   Code   RO          204    .text               c_w.l(indicate_semi.o)
    0x00000466   0x00000466   0x00000002   PAD
    0x00000468   0x00000468   0x00000034   Code   RO           20    .text.CmdInit       shell.o
    0x0000049c   0x0000049c   0x0000020c   Code   RO           34    .text.CmdProcess    shell.o
    0x000006a8   0x000006a8   0x00000028   Code   RO           22    .text.CmdPrompt     shell.o
    0x000006d0   0x000006d0   0x00000018   Code   RO           32    .text.CmdReceived   shell.o
    0x000006e8   0x000006e8   0x00000096   Code   RO           30    .text.UARTIntHandler  shell.o
    0x0000077e   0x0000077e   0x00000002   PAD
    0x00000780   0x00000780   0x00000034   Code   RO           28    .text.UARTNumPut    shell.o
    0x000007b4   0x000007b4   0x000000b4   Code   RO           38    .text.doHelp        shell.o
    0x00000868   0x00000868   0x000000b4   Code   RO           40    .text.doLed         shell.o
    0x0000091c   0x0000091c   0x0000029a   Code   RO           44    .text.fanCtrl       shell.o
    0x00000bb6   0x00000bb6   0x00000002   PAD
    0x00000bb8   0x00000bb8   0x000001fe   Code   RO           36    .text.ftoa          shell.o
    0x00000db6   0x00000db6   0x00000002   PAD
    0x00000db8   0x00000db8   0x0000010a   Code   RO            4    .text.init_pwm      main.o
    0x00000ec2   0x00000ec2   0x00000002   PAD
    0x00000ec4   0x00000ec4   0x000000f4   Code   RO            2    .text.main          main.o
    0x00000fb8   0x00000fb8   0x000000f4   Code   RO           42    .text.readTemp      shell.o
    0x000010ac   0x000010ac   0x00000062   Code   RO           79    x$fpl$d2f           fz_wm.l(d2f.o)
    0x0000110e   0x0000110e   0x00000002   PAD
    0x00001110   0x00001110   0x00000150   Code   RO           81    x$fpl$dadd          fz_wm.l(daddsub_clz.o)
    0x00001260   0x00001260   0x00000154   Code   RO           87    x$fpl$dmul          fz_wm.l(dmul.o)
    0x000013b4   0x000013b4   0x0000009c   Code   RO           92    x$fpl$dnaninf       fz_wm.l(dnaninf.o)
    0x00001450   0x00001450   0x0000000c   Code   RO           94    x$fpl$dretinf       fz_wm.l(dretinf.o)
    0x0000145c   0x0000145c   0x000001d4   Code   RO           83    x$fpl$dsub          fz_wm.l(daddsub_clz.o)
    0x00001630   0x00001630   0x00000056   Code   RO           89    x$fpl$f2d           fz_wm.l(f2d.o)
    0x00001686   0x00001686   0x0000008c   Code   RO           96    x$fpl$fnaninf       fz_wm.l(fnaninf.o)
    0x00001712   0x00001712   0x0000001a   Code   RO          185    x$fpl$fpinit        fz_wm.l(fpinit.o)
    0x0000172c   0x0000172c   0x0000000a   Code   RO           98    x$fpl$fretinf       fz_wm.l(fretinf.o)
    0x00001736   0x00001736   0x00000000   Code   RO          100    x$fpl$usenofp       fz_wm.l(usenofp.o)
    0x00001736   0x00001736   0x00000002   PAD
    0x00001738   0x00001738   0x00000050   Data   RO           46    .rodata.MapTable    shell.o
    0x00001788   0x00001788   0x00000082   Data   RO           51    .rodata.str1.1      shell.o
    0x0000180a   0x0000180a   0x00000002   PAD
    0x0000180c   0x0000180c   0x00000010   Data   RO          260    Region$$Table       anon$$obj.o


    Execution Region ER_RW (Exec base: 0x20000000, Load base: 0x0000181c, Size: 0x00000000, Max: 0xffffffff, ABSOLUTE)

    **** No section assigned to this execution region ****


    Execution Region ER_ZI (Exec base: 0x20000000, Load base: 0x0000181c, Size: 0x00000208, Max: 0xffffffff, ABSOLUTE)

    Exec Addr    Load Addr    Size         Type   Attr      Idx    E Section Name        Object

    0x20000000        -       0x00000060   Zero   RW          127    .bss                c_w.l(libspace.o)
    0x20000060        -       0x00000050   Zero   RW           50    .bss.CmdBuf         shell.o
    0x200000b0        -       0x00000001   Zero   RW           47    .bss.CmdFlag        shell.o
    0x200000b1        -       0x00000051   Zero   RW           48    .bss.UARTIntHandler.rxbuf  shell.o
    0x20000102   0x0000181c   0x00000002   PAD
    0x20000104        -       0x00000004   Zero   RW           49    .bss.UARTIntHandler.rxlen  shell.o
    0x20000108        -       0x00000000   Zero   RW           60    HEAP                startup_rvmdk.o
    0x20000108        -       0x00000100   Zero   RW           59    STACK               startup_rvmdk.o


==============================================================================

Image component sizes


      Code (inc. data)   RO Data    RW Data    ZI Data      Debug   Object Name

       510          8          0          0          0       1226   main.o
      2622         90        210          0        166       7181   shell.o
       672        636          0          0        256        620   startup_rvmdk.o

    ----------------------------------------------------------------------
      3812        734        228          0        424       9027   Object Totals
         0          0         16          0          0          0   (incl. Generated)
         8          0          2          0          2          0   (incl. Padding)

    ----------------------------------------------------------------------

      Code (inc. data)   RO Data    RW Data    ZI Data      Debug   Library Member Name

         8          0          0          0          0         68   __main.o
         0          0          0          0          0          0   __rtentry.o
        12          0          0          0          0          0   __rtentry2.o
         6          0          0          0          0          0   __rtentry4.o
        52          8          0          0          0          0   __scatter.o
        28          0          0          0          0          0   __scatter_zi.o
        18          0          0          0          0         80   exit.o
         6          0          0          0          0        152   heapauxi.o
         0          0          0          0          0          0   indicate_semi.o
         2          0          0          0          0          0   libinit.o
         6          0          0          0          0          0   libinit2.o
         2          0          0          0          0          0   libshutdown.o
         2          0          0          0          0          0   libshutdown2.o
         8          4          0          0         96         68   libspace.o
         2          0          0          0          0          0   rtexit.o
        10          0          0          0          0          0   rtexit2.o
       124          0          0          0          0         88   strcmpv7em.o
        72          0          0          0          0         80   strcpy.o
        12          4          0          0          0         68   sys_exit.o
        74          0          0          0          0         80   sys_stackheap_outer.o
         2          0          0          0          0         68   use_no_semi.o
        98          4          0          0          0        140   d2f.o
       804         16          0          0          0        376   daddsub_clz.o
       340         12          0          0          0        152   dmul.o
       156          4          0          0          0        140   dnaninf.o
        12          0          0          0          0        116   dretinf.o
        86          4          0          0          0        132   f2d.o
       140          4          0          0          0        132   fnaninf.o
        26          0          0          0          0        116   fpinit.o
        10          0          0          0          0        116   fretinf.o
         0          0          0          0          0          0   usenofp.o

    ----------------------------------------------------------------------
      2132         60          0          0         96       2172   Library Totals
        14          0          0          0          0          0   (incl. Padding)

    ----------------------------------------------------------------------

      Code (inc. data)   RO Data    RW Data    ZI Data      Debug   Library Name

       446         16          0          0         96        752   c_w.l
      1672         44          0          0          0       1420   fz_wm.l

    ----------------------------------------------------------------------
      2132         60          0          0         96       2172   Library Totals

    ----------------------------------------------------------------------

==============================================================================


      Code (inc. data)   RO Data    RW Data    ZI Data      Debug   

      5944        794        228          0        520      10055   Grand Totals
      5944        794        228          0        520      10055   ELF Image Totals
      5944        794        228          0          0          0   ROM Totals

==============================================================================

    Total RO  Size (Code + RO Data)                 6172 (   6.03kB)
    Total RW  Size (RW Data + ZI Data)               520 (   0.51kB)
    Total ROM Size (Code + RO Data + RW Data)       6172 (   6.03kB)

==============================================================================

